[('permutation-block0', ['then.0', 'else.0']), ('then.0', []), ('else.0', []), ('factorial-block0', ['for.cond.0']), ('for.cond.0', ['for.body.0', 'for.end.0']), ('for.body.0', ['for.cond.0']), ('for.end.0', []), ('main-block0', [])]
