[('main-block0', ['loop']), ('loop', ['end', 'body']), ('body', ['loop']), ('end', []), ('naivePower-block0', ['then.0', 'else.0']), ('then.0', []), ('else.0', [])]
