[('main-block0', []), ('generateNthRow-block0', ['for.cond.3']), ('for.cond.3', ['for.body.3', 'for.end.3']), ('for.body.3', ['for.cond.3']), ('for.end.3', [])]
