add: 2
br: 2
call: 2
const: 7
div: 1
eq: 2
id: 20
jmp: 1
mul: 1
print: 1
ret: 2
sub: 1
