{'block0': ['block1'], 'block1': ['for.cond.3'], 'for.cond.3': ['for.body.3', 'for.end.3'], 'for.body.3': ['for.cond.3'], 'for.end.3': []}
