{'block0': ['then.0', 'else.0'], 'then.0': [], 'else.0': [], 'block3': ['for.cond.0'], 'for.cond.0': ['for.body.0', 'for.end.0'], 'for.body.0': ['for.cond.0'], 'for.end.0': [], 'block7': []}
